// Jest Snapshot v1, https://goo.gl/fbAQLP

exports[`renders correctly 1`] = `
[
  <div>
    <a
      href="https://react.dev"
    >
      <img
        alt="React logo"
        className="logo react"
      />
    </a>
  </div>,
  <h1>
    Vite + React
  </h1>,
  <div
    className="card"
  >
    <button
      onClick={[Function]}
      type="button"
    >
      count is 
      0
    </button>
    <p>
      Edit 
      <code>
        src/App.tsx
      </code>
       and save to test HMR
    </p>
  </div>,
  <p
    className="read-the-docs"
  >
    Click on the Vite and React logos to learn more
  </p>,
]
`;
